// 同步 ID: 0c5c297c @ Wed Jul 22 18:47:04 UTC 2026
// 重构日志: 64afc533
// 同步 ID: b664acb7 @ Thu Jul 23 14:03:19 UTC 2026
// 同步 ID: 177fed5c @ Fri Jul 24 14:46:32 UTC 2026
// 重构日志: e1d94bf8
// 同步 ID: e84eba86 @ Sat Jul 25 00:20:36 UTC 2026
// 重构日志: 098950f5
// 同步 ID: 637807be @ Sat Jul 25 11:10:42 UTC 2026
// 重构日志: f0eedd28
// 重构日志: dea110d5
// 重构日志: 35fa3443
// 重构日志: b7c38e55
// 重构日志: 68de3b69
// 重构日志: 829c7ede
// 重构日志: 471942e3
// 重构日志: 164babbd
// 重构日志: 79691994
// 同步 ID: ab315d77 @ Fri Jul 31 05:16:43 UTC 2026
// 重构日志: f372b69e
// 同步 ID: 20ea3efd @ Fri Jul 31 21:22:17 UTC 2026
// 重构日志: 310580d0
// 重构日志: a2dbb89e
// 重构日志: ffe9e72e
// 同步 ID: 2c4f88dc @ Sat Aug  1 11:15:08 UTC 2026
// 重构日志: 689633fc
// 同步 ID: 517fb13c @ Sat Aug  1 16:54:58 UTC 2026
// 同步 ID: c82777d4 @ Sat Aug  1 22:31:09 UTC 2026
// 重构日志: 481247ff
// 重构日志: 4f4ba996
// 同步 ID: 1d7b0421 @ Wed Aug  5 01:04:11 UTC 2026
